
> myrapid-pwa@0.1.0 build
> next build

  ▲ Next.js 14.2.35

   Creating an optimized production build ...
 ✓ Compiled successfully
   Linting and checking validity of types ...
   Collecting page data ...
   Generating static pages (0/7) ...
   Generating static pages (1/7)
   Generating static pages (3/7)
   Generating static pages (5/7)
 ✓ Generating static pages (7/7)
   Finalizing page optimization ...
   Collecting build traces ...

Route (app)                              Size     First Load JS
┌ ○ /                                    4.27 kB          92 kB
├ ○ /_not-found                          873 B          88.6 kB
├ ○ /api/buses                           0 B                0 B
└ ƒ /api/update-routes                   0 B                0 B
+ First Load JS shared by all            87.7 kB
  ├ chunks/117-960a1fe8e538d1f7.js       31.7 kB
  ├ chunks/fd9d1056-73e5c7545abdc720.js  53.6 kB
  └ other shared chunks (total)          2.36 kB


○  (Static)   prerendered as static content
ƒ  (Dynamic)  server-rendered on demand
